["call","kwarg-macro","parg1",["#:kwarg1","val1"],["#:kwarg2","val2"]]