["c-lisp",["define",[["puts","int"],["s",["ptr","int8"]]]],["define",[["strcmp","int"],["s1",["ptr","int8"]],["s2",["ptr","int8"]]]],["define",[["main","void"],["argc","int"],["argv",["ptr",["ptr","int8"]]]],["declare","success-msg",["ptr","int8"]],["set","success-msg",["string","Strings are working!! ðŸ¥³"]],["if",["eq",0,["call","strcmp",["load",["ptradd","argv",1]],["string","Identify_Me"]]],["call","puts","success-msg"]]]]