AssertionError: Invalid keyword argument: ['#:kwarg2', 'val2.1', 'val2.2']
