-128
127
127
-128
-32768
32767
32767
-32768
-2147483648
2147483647
2147483647
-2147483648
-9223372036854775808
9223372036854775807
9223372036854775807
-9223372036854775808
