3
4

inf
18446744073709551616.000000

-2
510

-3.000000
-3
7.000000
7

3
0xffffff01
255
-1
127

