Error in statement: ['ret', ['not', True, False]]
CodegenError: `not` takes only 1 operands
