Error in statement: ['ret', ['add', 3, 4, 5]]
CodegenError: opcode add takes exactly 2 operands
