(c-lisp
  (define ((error_check void) (res int))
    (if (gt res 0) (call exit 1))
    (ret res))
  (define ((main int))
    (declare res int)
    (declare res float)
    (set res (call error (call print 3)))
    (ret 0)))
