(c-lisp
  (define ((__add_dot4x4 void)
           (k int)
           (a (ptr float))
           (lda int)
           (b (ptr float))
           (ldb int)
           (c (ptr float))
           (ldc int))
    (store (ptradd c (add 0 (mul 0 ldc))) 0)
    (for ((set p 0) (lt p k) (set p (add p 1)))
         (store (ptradd c (add 0 (mul 0 ldc)))
                (fadd (load (ptradd c (add 0 (mul 0 ldc))))
                      (fmul (load (ptradd a (add 0 (mul p ldc))))
                            (load (ptradd b (add p (mul 0 ldc)))))))
         (ret))))
